tree representation of array_declarator.c.in:
foo is a 
	array of size
|   |   -> (int)5
of:
	i16 ;
